// Jest Snapshot v1, https://goo.gl/fbAQLP

exports[`<Pruebas en <GifGridItem /> debe de mostrar el componente correctamente 1`] = `
<div
  className="card animate__animated animate__fadeIn"
>
  <img
    alt="placeholder"
    src="https://via.placeholder.com/150"
  />
  <p>
    placeholder
  </p>
</div>
`;
